Microchip MPLAB XC8 Compiler V1.41 ()

Linker command line:

-W-3 --edf=C:\Program Files (x86)\Microchip\xc8\v1.41\dat\en_msgs.txt -cs \
  -h+dist/default/production\Pic10lf320.X.production.sym \
  --cmf=dist/default/production\Pic10lf320.X.production.cmf -z -Q10F320 \
  -oC:\Users\jpoirier\AppData\Local\Temp\s4fg.2 \
  -Mdist/default/production/Pic10lf320.X.production.map -E1 -ver=XC8 \
  -ASTACK=04Dh-07dh -pstack=STACK -ACODE=00h-0FFh -ASTRCODE=00h-0FFh \
  -ASTRING=00h-0FFh -ACONST=00h-0FFh -AENTRY=00h-0FFh -ABANK0=040h-07Dh \
  -ARAM=040h-07Dh -AABS1=040h-07Fh -ACOMMON=07Eh-07Fh -ASFR0=00h-03Fh \
  -preset_vec=00h,intentry=04h,init,end_init -ppowerup=CODE -pcinit=CODE \
  -pfunctab=CODE -ACONFIG=02007h-02007h -pconfig=CONFIG -DCONFIG=2 \
  -AIDLOC=02000h-02003h -pidloc=IDLOC -DIDLOC=2 -DCODE=2 -DSTRCODE=2 \
  -DSTRING=2 -DCONST=2 -DENTRY=2 -k \
  C:\Users\jpoirier\AppData\Local\Temp\s4fg.obj \
  dist/default/production\Pic10lf320.X.production.obj 

Object code version is 3.11

Machine type is 10F320



                Name                               Link     Load   Length Selector   Space Scale
C:\Users\jpoirier\AppData\Local\Temp\s4fg.obj
                end_init                              E        E        1        8       0
                reset_vec                             0        0        1        0       0
                config                             2007     2007        1     400E       0
dist/default/production\Pic10lf320.X.production.obj
                cinit                                 F        F        5        8       0
                intentry                              4        4        A        8       0
                text2                                70       70       24        8       0
                text1                                4C       4C       24        8       0
                maintext                             14       14       38        8       0
                cstackBANK0                          40       40        8       40       1
                bitbssBANK0                         260       4C        1       40       1     8
                bssBANK0                             48       48        2       40       1
                bitnvBANK0                          258       4B        1       40       1     8
                nvBANK0                              4A       4A        1       40       1

TOTAL           Name                               Link     Load   Length     Space
        CLASS   STACK          

        CLASS   CODE           
                end_init                              E        E        1         0
                cinit                                 F        F        5         0
                intentry                              4        4        A         0
                reset_vec                             0        0        1         0
                text2                                70       70       24         0
                text1                                4C       4C       24         0
                maintext                             14       14       38         0

        CLASS   STRCODE        

        CLASS   STRING         

        CLASS   CONST          

        CLASS   ENTRY          

        CLASS   BANK0          
                cstackBANK0                          40       40        8         1
                bitbssBANK0                         260       4C        1         1
                bssBANK0                             48       48        2         1
                bitnvBANK0                          258       4B        1         1
                nvBANK0                              4A       4A        1         1

        CLASS   RAM            

        CLASS   ABS1           
                abs_s1                               7E       7E        2         1

        CLASS   COMMON         

        CLASS   SFR0           

        CLASS   CONFIG         
                config                             2007     2007        1         0

        CLASS   IDLOC          

        CLASS   EEDATA         



SEGMENTS        Name                           Load    Length   Top    Selector   Space  Class     Delta

                reset_vec                      000000  000001  000001         0       0  CODE        2
                intentry                       000004  000090  000094         8       0  CODE        2
                cstackBANK0                    000040  00000D  00004D        40       1  BANK0       1
                config                         002007  000001  002008      400E       0  CONFIG      2


UNUSED ADDRESS RANGES

        Name                Unused          Largest block    Delta
        BANK0            004D-007D             31           1
        CODE             0001-0003              3           2
                         0094-00FF             6C
        CONST            0001-0003              3           2
                         0094-00FF             6C
        ENTRY            0001-0003              3           2
                         0094-00FF             6C
        IDLOC            2000-2003              4           2
        RAM              004D-007D             31           1
        SFR0             0000-003F             40           1
        STACK            004D-007D             31           1
        STRCODE          0001-0003              3           2
                         0094-00FF             6C
        STRING           0001-0003              3           2
                         0094-00FF             6C

                                  Symbol Table

_ANSELAbits              (abs)        0008
_CLKRCONbits             (abs)        0026
_INTCONbits              (abs)        000B
_IOCAFbits               (abs)        001C
_IOCANbits               (abs)        001B
_OSCCONbits              (abs)        0010
_PIE1bits                (abs)        000D
_PIR1bits                (abs)        000C
_PORTAbits               (abs)        0005
_PR2                     (abs)        0012
_PWM2CON                 (abs)        0019
_PWM2CONbits             (abs)        0019
_PWM2DCH                 (abs)        0018
_PWM2DCL                 (abs)        0017
_T2CONbits               (abs)        0013
_TRISAbits               (abs)        0006
__CFG_BOREN$NSLEEP       (abs)        0000
__CFG_BORV$LO            (abs)        0000
__CFG_CP$OFF             (abs)        0000
__CFG_FOSC$INTOSC        (abs)        0000
__CFG_LPBOR$ON           (abs)        0000
__CFG_LVP$ON             (abs)        0000
__CFG_MCLRE$ON           (abs)        0000
__CFG_PWRTE$OFF          (abs)        0000
__CFG_WDTE$NSLEEP        (abs)        0000
__CFG_WRT$OFF            (abs)        0000
__Habs1                  abs1         0000
__Hbank0                 bank0        0000
__HbitbssBANK0           bitbssBANK0  0000
__HbitnvBANK0            bitnvBANK0   0000
__HbssBANK0              bssBANK0     0000
__Hcinit                 cinit        0014
__Hclrtext               clrtext      0000
__Hcode                  code         0000
__Hcommon                common       0000
__Hconfig                config       2008
__HcstackBANK0           cstackBANK0  0000
__HcstackCOMMON          cstackCOMMON 0000
__Heeprom_data           eeprom_data  0000
__Hend_init              end_init     000F
__Hfunctab               functab      0000
__Hidloc                 idloc        0000
__Hinit                  init         000E
__Hintentry              intentry     000E
__Hmaintext              maintext     0000
__HnvBANK0               nvBANK0      0000
__Hpowerup               powerup      0000
__Hram                   ram          0000
__Hreset_vec             reset_vec    0001
__Hsfr0                  sfr0         0000
__Hspace_0               (abs)        2008
__Hspace_1               (abs)        0261
__Hspace_2               (abs)        0000
__Hspace_3               (abs)        0000
__Hstack                 stack        0000
__Hstrings               strings      0000
__Htext                  text         0000
__Labs1                  abs1         0000
__Lbank0                 bank0        0000
__LbitbssBANK0           bitbssBANK0  0000
__LbitnvBANK0            bitnvBANK0   0000
__LbssBANK0              bssBANK0     0000
__Lcinit                 cinit        000F
__Lclrtext               clrtext      0000
__Lcode                  code         0000
__Lcommon                common       0000
__Lconfig                config       2007
__LcstackBANK0           cstackBANK0  0000
__LcstackCOMMON          cstackCOMMON 0000
__Leeprom_data           eeprom_data  0000
__Lend_init              end_init     000E
__Lfunctab               functab      0000
__Lidloc                 idloc        0000
__Linit                  init         000E
__Lintentry              intentry     0004
__Lmaintext              maintext     0000
__LnvBANK0               nvBANK0      0000
__Lpowerup               powerup      0000
__Lram                   ram          0000
__Lreset_vec             reset_vec    0000
__Lsfr0                  sfr0         0000
__Lspace_0               (abs)        0000
__Lspace_1               (abs)        0000
__Lspace_2               (abs)        0000
__Lspace_3               (abs)        0000
__Lstack                 stack        0000
__Lstrings               strings      0000
__Ltext                  text         0000
__S0                     (abs)        2008
__S1                     (abs)        004D
__S2                     (abs)        0000
___int_sp                stack        0000
___latbits               (abs)        0000
___sp                    stack        0000
__end_of__initialization cinit        0012
__end_of_isr             text2        0094
__end_of_main            maintext     004C
__end_of_setup           text1        0070
__initialization         cinit        000F
__pbitbssBANK0           bitbssBANK0  0260
__pbitnvBANK0            bitnvBANK0   0258
__pbssBANK0              bssBANK0     0048
__pcstackBANK0           cstackBANK0  0040
__pcstackCOMMON          cstackCOMMON 0000
__pintentry              intentry     0004
__pmaintext              maintext     0014
__pnvBANK0               nvBANK0      004A
__ptext1                 text1        004C
__ptext2                 text2        0070
__size_of_isr            (abs)        0000
__size_of_main           (abs)        0000
__size_of_setup          (abs)        0000
_button_released         bitnvBANK0   0258
_debounced_switch        nvBANK0      004A
_isr                     text2        0070
_light_on                bitbssBANK0  0260
_main                    maintext     0014
_setup                   text1        004C
_sleep_timer             bssBANK0     0048
btemp                    (abs)        007E
end_of_initialization    cinit        0012
interrupt_function       intentry     0004
intlevel0                functab      0000
intlevel1                functab      0000
intlevel2                functab      0000
intlevel3                functab      0000
intlevel4                functab      0000
intlevel5                functab      0000
reset_vec                reset_vec    0000
saved_w                  (abs)        007E
stackhi                  (abs)        0000
stacklo                  (abs)        0000
start                    init         000E
start_initialization     cinit        000F
wtemp0                   (abs)        007E


FUNCTION INFORMATION:

 *************** function _main *****************
 Defined at:
		line 89 in file "main.c"
 Parameters:    Size  Location     Type
		None
 Auto vars:     Size  Location     Type
		None
 Return value:  Size  Location     Type
                  1    wreg      void 
 Registers used:
		wreg, status,2, status,0, btemp+1, pclath, cstack
 Tracked objects:
		On entry : 
		On exit  : 
		Unchanged: 
 Data sizes:     COMMON   BANK0
      Params:         0       0
      Locals:         0       0
      Temps:          0       0
      Totals:         0       0
Total ram usage:        0 bytes
 Hardware stack levels required when called:    2
 This function calls:
		_setup
 This function is called by:
		Startup code after reset
 This function uses a non-reentrant model


 *************** function _setup *****************
 Defined at:
		line 46 in file "main.c"
 Parameters:    Size  Location     Type
		None
 Auto vars:     Size  Location     Type
		None
 Return value:  Size  Location     Type
                  1    wreg      void 
 Registers used:
		wreg, status,2, status,0
 Tracked objects:
		On entry : 
		On exit  : 
		Unchanged: 
 Data sizes:     COMMON   BANK0
      Params:         0       0
      Locals:         0       0
      Temps:          0       1
      Totals:         0       1
Total ram usage:        1 bytes
 Hardware stack levels used:    1
 Hardware stack levels required when called:    1
 This function calls:
		Nothing
 This function is called by:
		_main
 This function uses a non-reentrant model


 *************** function _isr *****************
 Defined at:
		line 13 in file "isr.c"
 Parameters:    Size  Location     Type
		None
 Auto vars:     Size  Location     Type
		None
 Return value:  Size  Location     Type
                  1    wreg      void 
 Registers used:
		wreg, status,2, status,0
 Tracked objects:
		On entry : 
		On exit  : 
		Unchanged: 
 Data sizes:     COMMON   BANK0
      Params:         0       0
      Locals:         0       0
      Temps:          0       7
      Totals:         0       7
Total ram usage:        7 bytes
 Hardware stack levels used:    1
 This function calls:
		Nothing
 This function is called by:
		Interrupt level 1
 This function uses a non-reentrant model



MODULE INFORMATION

Module		Function		Class		Link	Load	Size
isr.c
		_isr           		CODE           	0070	0000	37

isr.c estimated size: 37

shared
		__initialization		CODE           	000F	0000	4

shared estimated size: 4

main.c
		_main          		CODE           	0014	0000	57
		_setup         		CODE           	004C	0000	37

main.c estimated size: 94

